// Jest Snapshot v1, https://goo.gl/fbAQLP

exports[`Action Button Renders Correctly 1`] = `
<View
  accessibilityState={
    {
      "busy": undefined,
      "checked": undefined,
      "disabled": undefined,
      "expanded": undefined,
      "selected": undefined,
    }
  }
  accessibilityValue={
    {
      "max": undefined,
      "min": undefined,
      "now": undefined,
      "text": undefined,
    }
  }
  accessible={true}
  collapsable={false}
  focusable={true}
  onClick={[Function]}
  onResponderGrant={[Function]}
  onResponderMove={[Function]}
  onResponderRelease={[Function]}
  onResponderTerminate={[Function]}
  onResponderTerminationRequest={[Function]}
  onStartShouldSetResponder={[Function]}
  style={
    {
      "alignItems": "center",
      "backgroundColor": "#FFFFFF",
      "borderRadius": 8,
      "borderWidth": 0.3,
      "height": 120,
      "justifyContent": "center",
      "marginTop": 10,
      "opacity": 1,
      "width": 140,
    }
  }
  testID="ActionButton"
>
  <View
    style={
      [
        {
          "alignItems": "center",
          "flexDirection": "row",
        },
        undefined,
      ]
    }
  >
    <View
      style={
        {
          "backgroundColor": "transparent",
          "flex": undefined,
          "marginBottom": undefined,
          "marginHorizontal": undefined,
          "marginLeft": undefined,
          "marginRight": 5,
          "marginTop": undefined,
          "marginVertical": undefined,
        }
      }
    />
    <Text
      style={
        {
          "color": "#18234C",
          "fontSize": 14,
          "fontWeight": "600",
          "textAlign": "left",
          "textDecorationLine": "none",
          "textTransform": "none",
        }
      }
      testID="title-Title"
    >
      Title
    </Text>
    <View
      style={
        {
          "backgroundColor": "transparent",
          "flex": undefined,
          "marginBottom": undefined,
          "marginHorizontal": undefined,
          "marginLeft": 5,
          "marginRight": undefined,
          "marginTop": undefined,
          "marginVertical": undefined,
        }
      }
    />
  </View>
</View>
`;
