// Jest Snapshot v1, https://goo.gl/fbAQLP

exports[`Anime Card Renders Correctly 1`] = `
<View
  accessibilityState={
    {
      "busy": undefined,
      "checked": undefined,
      "disabled": false,
      "expanded": undefined,
      "selected": undefined,
    }
  }
  accessibilityValue={
    {
      "max": undefined,
      "min": undefined,
      "now": undefined,
      "text": undefined,
    }
  }
  accessible={true}
  collapsable={false}
  focusable={true}
  onClick={[Function]}
  onResponderGrant={[Function]}
  onResponderMove={[Function]}
  onResponderRelease={[Function]}
  onResponderTerminate={[Function]}
  onResponderTerminationRequest={[Function]}
  onStartShouldSetResponder={[Function]}
  style={
    {
      "backgroundColor": "#FFFFFF",
      "borderRadius": 11,
      "borderWidth": 0.3,
      "height": 100,
      "opacity": 1,
      "paddingHorizontal": 8,
      "paddingTop": 10,
      "shadowColor": "rgba(0, 0, 0, 0.5)",
    }
  }
  testID="animeCard"
>
  <View
    style={
      {
        "alignItems": "flex-start",
        "flexDirection": "row",
      }
    }
  >
    <Image
      resizeMode="cover"
      source={
        {
          "uri": "",
        }
      }
      style={
        {
          "borderRadius": 10,
          "height": 80,
          "width": 80,
        }
      }
    />
    <View
      style={
        {
          "marginLeft": 10,
          "width": "70%",
        }
      }
    >
      <View
        style={
          [
            {
              "alignItems": "center",
              "flexDirection": "row",
            },
            undefined,
          ]
        }
      >
        <View
          style={
            {
              "backgroundColor": "transparent",
              "flex": undefined,
              "marginBottom": undefined,
              "marginHorizontal": undefined,
              "marginLeft": undefined,
              "marginRight": 5,
              "marginTop": undefined,
              "marginVertical": undefined,
            }
          }
        />
        <Text
          numberOfLines={2}
          style={
            {
              "color": "#18234C",
              "fontSize": 18,
              "fontWeight": "600",
              "textAlign": "left",
              "textDecorationLine": "none",
              "textTransform": "none",
            }
          }
        >
          Anime
        </Text>
        <View
          style={
            {
              "backgroundColor": "transparent",
              "flex": undefined,
              "marginBottom": undefined,
              "marginHorizontal": undefined,
              "marginLeft": 5,
              "marginRight": undefined,
              "marginTop": undefined,
              "marginVertical": undefined,
            }
          }
        />
      </View>
      <View
        style={
          {
            "backgroundColor": "transparent",
            "flex": undefined,
            "marginBottom": undefined,
            "marginHorizontal": undefined,
            "marginLeft": undefined,
            "marginRight": undefined,
            "marginTop": 10,
            "marginVertical": undefined,
          }
        }
      />
      <View
        style={
          [
            {
              "alignItems": "center",
              "flexDirection": "row",
            },
            undefined,
          ]
        }
      >
        <View
          style={
            {
              "backgroundColor": "transparent",
              "flex": undefined,
              "marginBottom": undefined,
              "marginHorizontal": undefined,
              "marginLeft": undefined,
              "marginRight": 5,
              "marginTop": undefined,
              "marginVertical": undefined,
            }
          }
        />
        <Text
          style={
            {
              "color": "#18234C",
              "fontSize": 14,
              "fontWeight": "400",
              "textAlign": "left",
              "textDecorationLine": "none",
              "textTransform": "none",
            }
          }
        />
        <View
          style={
            {
              "backgroundColor": "transparent",
              "flex": undefined,
              "marginBottom": undefined,
              "marginHorizontal": undefined,
              "marginLeft": 5,
              "marginRight": undefined,
              "marginTop": undefined,
              "marginVertical": undefined,
            }
          }
        />
      </View>
    </View>
  </View>
</View>
`;
